// Jest Snapshot v1, https://goo.gl/fbAQLP

exports[`cli 1`] = `"{ level: 'debug', concurrency: 4, _: [], c: 4 }"`;
